// Jest Snapshot v1, https://goo.gl/fbAQLP

exports[`Chart should match snapshot renders 1`] = `
<WithStyles(ForwardRef(Paper))
  className="makeStyles-root-1"
>
  <ResponsiveContainer
    debounce={0}
    height={300}
    width="100%"
  >
    <ComposedChart
      barCategoryGap="10%"
      barGap={4}
      cx="50%"
      cy="50%"
      data={
        Array [
          Object {
            "amt": 2400,
            "name": "Page A",
            "pv": 2400,
            "uv": 4000,
          },
          Object {
            "amt": 2210,
            "name": "Page B",
            "pv": 1398,
            "uv": 3000,
          },
          Object {
            "amt": 2290,
            "name": "Page C",
            "pv": 9800,
            "uv": 2000,
          },
          Object {
            "amt": 2000,
            "name": "Page D",
            "pv": 3908,
            "uv": 2780,
          },
          Object {
            "amt": 2181,
            "name": "Page E",
            "pv": 4800,
            "uv": 1890,
          },
          Object {
            "amt": 2500,
            "name": "Page F",
            "pv": 3800,
            "uv": 2390,
          },
          Object {
            "amt": 2100,
            "name": "Page G",
            "pv": 4300,
            "uv": 3490,
          },
        ]
      }
      layout="horizontal"
      margin={
        Object {
          "bottom": 5,
          "left": 5,
          "right": 5,
          "top": 5,
        }
      }
      outerRadius="80%"
      reverseStackOrder={false}
      stackOffset="none"
    >
      <XAxis
        allowDataOverflow={false}
        allowDecimals={true}
        allowDuplicatedCategory={true}
        dataKey="name"
        domain={
          Array [
            0,
            "auto",
          ]
        }
        height={30}
        hide={false}
        mirror={false}
        orientation="bottom"
        padding={
          Object {
            "left": 0,
            "right": 0,
          }
        }
        reversed={false}
        scale="auto"
        tickCount={5}
        type="category"
        width={0}
        xAxisId={0}
      />
      <YAxis
        allowDataOverflow={false}
        allowDecimals={true}
        allowDuplicatedCategory={true}
        domain={
          Array [
            0,
            "auto",
          ]
        }
        height={0}
        hide={false}
        mirror={false}
        orientation="left"
        padding={
          Object {
            "bottom": 0,
            "top": 0,
          }
        }
        reversed={false}
        scale="auto"
        tickCount={5}
        type="number"
        width={60}
        yAxisId={0}
      />
      <CartesianGrid
        fill="none"
        horizontal={true}
        horizontalFill={Array []}
        horizontalPoints={Array []}
        stroke="#ccc"
        strokeDasharray="3 3"
        vertical={false}
        verticalFill={Array []}
        verticalPoints={Array []}
      />
      <Legend
        align="center"
        iconSize={14}
        layout="horizontal"
        verticalAlign="bottom"
      />
      <Tooltip
        active={false}
        allowEscapeViewBox={
          Object {
            "x": false,
            "y": false,
          }
        }
        animationDuration={400}
        animationEasing="ease"
        contentStyle={Object {}}
        coordinate={
          Object {
            "x": 0,
            "y": 0,
          }
        }
        cursor={true}
        cursorStyle={Object {}}
        filterNull={true}
        isAnimationActive={true}
        itemStyle={Object {}}
        labelStyle={Object {}}
        offset={10}
        separator=" : "
        useTranslate3d={false}
        viewBox={
          Object {
            "x1": 0,
            "x2": 0,
            "y1": 0,
            "y2": 0,
          }
        }
        wrapperStyle={Object {}}
      />
      <Bar
        animationBegin={0}
        animationDuration={400}
        animationEasing="ease"
        barSize={10}
        data={Array []}
        dataKey="amt"
        fill="#000000"
        hide={false}
        isAnimationActive={false}
        key="amt"
        layout="vertical"
        legendType="rect"
        minPointSize={0}
        onAnimationEnd={[Function]}
        onAnimationStart={[Function]}
        xAxisId={0}
        yAxisId={0}
      />
      <Line
        activeDot={true}
        animateNewValues={true}
        animationBegin={0}
        animationDuration={1500}
        animationEasing="ease"
        connectNulls={true}
        dataKey="uv"
        dot={true}
        fill="#fff"
        hide={false}
        isAnimationActive={false}
        key="uv"
        legendType="line"
        onAnimationEnd={[Function]}
        onAnimationStart={[Function]}
        points={Array []}
        stroke="#000000"
        strokeDasharray=""
        strokeWidth={1}
        type="monotone"
        xAxisId={0}
        yAxisId={0}
      />
      <Line
        activeDot={true}
        animateNewValues={true}
        animationBegin={0}
        animationDuration={1500}
        animationEasing="ease"
        connectNulls={true}
        dataKey="pv"
        dot={true}
        fill="#fff"
        hide={false}
        isAnimationActive={false}
        key="pv"
        legendType="line"
        onAnimationEnd={[Function]}
        onAnimationStart={[Function]}
        points={Array []}
        stroke="#000000"
        strokeDasharray="4 4"
        strokeWidth={1}
        type="monotone"
        xAxisId={0}
        yAxisId={0}
      />
    </ComposedChart>
  </ResponsiveContainer>
</WithStyles(ForwardRef(Paper))>
`;
