// Jest Snapshot v1, https://goo.gl/fbAQLP

exports[`Chart should match snapshot renders 1`] = `
<Chart
  data={
    Object {
      "datasets": Array [
        Object {
          "backgroundColor": undefined,
          "borderColor": undefined,
          "borderDash": undefined,
          "data": Array [
            4000,
            3000,
            2000,
            2780,
            1890,
            2390,
            3490,
          ],
          "fill": false,
          "label": "uv",
          "pointBackgroundColor": undefined,
          "pointBorderColor": undefined,
          "pointHoverBackgroundColor": undefined,
          "pointHoverBorderColor": undefined,
          "type": "line",
        },
        Object {
          "backgroundColor": undefined,
          "borderColor": undefined,
          "borderDash": undefined,
          "data": Array [
            2400,
            1398,
            9800,
            3908,
            4800,
            3800,
            4300,
          ],
          "fill": false,
          "label": "pv",
          "pointBackgroundColor": undefined,
          "pointBorderColor": undefined,
          "pointHoverBackgroundColor": undefined,
          "pointHoverBorderColor": undefined,
          "type": "line",
        },
        Object {
          "backgroundColor": undefined,
          "borderColor": undefined,
          "data": Array [
            2400,
            2210,
            2290,
            2000,
            2181,
            2500,
            2100,
          ],
          "fill": false,
          "hoverBackgroundColor": undefined,
          "hoverBorderColor": undefined,
          "label": "amt",
          "type": "bar",
        },
      ],
      "labels": Array [
        "Page A",
        "Page B",
        "Page C",
        "Page D",
        "Page E",
        "Page F",
        "Page G",
      ],
    }
  }
>
  <WithStyles(ForwardRef(Paper))
    className="makeStyles-root-1"
  >
    <ForwardRef(Paper)
      className="makeStyles-root-1"
      classes={
        Object {
          "elevation0": "MuiPaper-elevation0",
          "elevation1": "MuiPaper-elevation1",
          "elevation10": "MuiPaper-elevation10",
          "elevation11": "MuiPaper-elevation11",
          "elevation12": "MuiPaper-elevation12",
          "elevation13": "MuiPaper-elevation13",
          "elevation14": "MuiPaper-elevation14",
          "elevation15": "MuiPaper-elevation15",
          "elevation16": "MuiPaper-elevation16",
          "elevation17": "MuiPaper-elevation17",
          "elevation18": "MuiPaper-elevation18",
          "elevation19": "MuiPaper-elevation19",
          "elevation2": "MuiPaper-elevation2",
          "elevation20": "MuiPaper-elevation20",
          "elevation21": "MuiPaper-elevation21",
          "elevation22": "MuiPaper-elevation22",
          "elevation23": "MuiPaper-elevation23",
          "elevation24": "MuiPaper-elevation24",
          "elevation3": "MuiPaper-elevation3",
          "elevation4": "MuiPaper-elevation4",
          "elevation5": "MuiPaper-elevation5",
          "elevation6": "MuiPaper-elevation6",
          "elevation7": "MuiPaper-elevation7",
          "elevation8": "MuiPaper-elevation8",
          "elevation9": "MuiPaper-elevation9",
          "outlined": "MuiPaper-outlined",
          "root": "MuiPaper-root",
          "rounded": "MuiPaper-rounded",
        }
      }
    >
      <div
        className="MuiPaper-root makeStyles-root-1 MuiPaper-elevation1 MuiPaper-rounded"
      >
        <Bar
          data={
            Object {
              "datasets": Array [
                Object {
                  "backgroundColor": undefined,
                  "borderColor": undefined,
                  "borderDash": undefined,
                  "data": Array [
                    4000,
                    3000,
                    2000,
                    2780,
                    1890,
                    2390,
                    3490,
                  ],
                  "fill": false,
                  "label": "uv",
                  "pointBackgroundColor": undefined,
                  "pointBorderColor": undefined,
                  "pointHoverBackgroundColor": undefined,
                  "pointHoverBorderColor": undefined,
                  "type": "line",
                },
                Object {
                  "backgroundColor": undefined,
                  "borderColor": undefined,
                  "borderDash": undefined,
                  "data": Array [
                    2400,
                    1398,
                    9800,
                    3908,
                    4800,
                    3800,
                    4300,
                  ],
                  "fill": false,
                  "label": "pv",
                  "pointBackgroundColor": undefined,
                  "pointBorderColor": undefined,
                  "pointHoverBackgroundColor": undefined,
                  "pointHoverBorderColor": undefined,
                  "type": "line",
                },
                Object {
                  "backgroundColor": undefined,
                  "borderColor": undefined,
                  "data": Array [
                    2400,
                    2210,
                    2290,
                    2000,
                    2181,
                    2500,
                    2100,
                  ],
                  "fill": false,
                  "hoverBackgroundColor": undefined,
                  "hoverBorderColor": undefined,
                  "label": "amt",
                  "type": "bar",
                },
              ],
              "labels": Array [
                "Page A",
                "Page B",
                "Page C",
                "Page D",
                "Page E",
                "Page F",
                "Page G",
              ],
            }
          }
          options={
            Object {
              "elements": Object {
                "line": Object {
                  "fill": false,
                },
              },
              "legend": Object {
                "position": "bottom",
              },
              "responsive": true,
              "scales": Object {
                "xAxes": Array [
                  Object {
                    "display": true,
                    "gridLines": Object {
                      "display": true,
                    },
                    "stacked": true,
                  },
                ],
                "yAxes": Array [
                  Object {
                    "display": true,
                    "gridLines": Object {
                      "display": true,
                    },
                    "id": "y-axis-1",
                    "labels": Object {
                      "show": true,
                    },
                    "position": "left",
                    "stacked": true,
                    "type": "linear",
                  },
                ],
              },
              "tooltips": Object {
                "mode": "label",
              },
            }
          }
        >
          <ChartComponent
            data={
              Object {
                "datasets": Array [
                  Object {
                    "backgroundColor": undefined,
                    "borderColor": undefined,
                    "borderDash": undefined,
                    "data": Array [
                      4000,
                      3000,
                      2000,
                      2780,
                      1890,
                      2390,
                      3490,
                    ],
                    "fill": false,
                    "label": "uv",
                    "pointBackgroundColor": undefined,
                    "pointBorderColor": undefined,
                    "pointHoverBackgroundColor": undefined,
                    "pointHoverBorderColor": undefined,
                    "type": "line",
                  },
                  Object {
                    "backgroundColor": undefined,
                    "borderColor": undefined,
                    "borderDash": undefined,
                    "data": Array [
                      2400,
                      1398,
                      9800,
                      3908,
                      4800,
                      3800,
                      4300,
                    ],
                    "fill": false,
                    "label": "pv",
                    "pointBackgroundColor": undefined,
                    "pointBorderColor": undefined,
                    "pointHoverBackgroundColor": undefined,
                    "pointHoverBorderColor": undefined,
                    "type": "line",
                  },
                  Object {
                    "backgroundColor": undefined,
                    "borderColor": undefined,
                    "data": Array [
                      2400,
                      2210,
                      2290,
                      2000,
                      2181,
                      2500,
                      2100,
                    ],
                    "fill": false,
                    "hoverBackgroundColor": undefined,
                    "hoverBorderColor": undefined,
                    "label": "amt",
                    "type": "bar",
                  },
                ],
                "labels": Array [
                  "Page A",
                  "Page B",
                  "Page C",
                  "Page D",
                  "Page E",
                  "Page F",
                  "Page G",
                ],
              }
            }
            datasetKeyProvider={[Function]}
            height={150}
            legend={
              Object {
                "display": true,
                "position": "bottom",
              }
            }
            options={
              Object {
                "elements": Object {
                  "line": Object {
                    "fill": false,
                  },
                },
                "legend": Object {
                  "position": "bottom",
                },
                "responsive": true,
                "scales": Object {
                  "xAxes": Array [
                    Object {
                      "display": true,
                      "gridLines": Object {
                        "display": true,
                      },
                      "stacked": true,
                    },
                  ],
                  "yAxes": Array [
                    Object {
                      "display": true,
                      "gridLines": Object {
                        "display": true,
                      },
                      "id": "y-axis-1",
                      "labels": Object {
                        "show": true,
                      },
                      "position": "left",
                      "stacked": true,
                      "type": "linear",
                    },
                  ],
                },
                "tooltips": Object {
                  "mode": "label",
                },
              }
            }
            redraw={false}
            type="bar"
            width={300}
          >
            <canvas
              height={150}
              onClick={[Function]}
              width={300}
            />
          </ChartComponent>
        </Bar>
      </div>
    </ForwardRef(Paper)>
  </WithStyles(ForwardRef(Paper))>
</Chart>
`;
